Starting three-stage 30-topic belief pipeline at Sat Aug  8 05:52:26 PM AWST 2026
Repository: /scratch/pawsey1357/jthen/Code2Video
Pipeline: mas_logs/pipeline_20260808_143634
Reflection model: configured in src/api_config.json
Embedding model: /software/projects/pawsey1357/jthen/models/bge-small-en-v1.5
Output directory: mas_logs/pipeline_20260808_143634/belief_three_stage
Starting stage: discovery
Stages: candidate discovery -> global consolidation -> retrospective evidence
Belief library mode: fresh (prior three-stage outputs will be replaced)
Command: singularity exec /software/projects/pawsey1357/jthen/containers/manim-0.19.0.sif /software/projects/pawsey1357/jthen/venvs/code2video-manim/bin/python src/mas_belief_three_stage.py --pipeline-dir mas_logs/pipeline_20260808_143634 --output-dir mas_logs/pipeline_20260808_143634/belief_three_stage --belief-embedding-model /software/projects/pawsey1357/jthen/models/bge-small-en-v1.5 --start-stage discovery --fresh
[belief-3stage][discovery] Starting 30 topics
[belief-3stage][discovery][1/30] The Fundamental Bridge: The Relationship Between Integrals and Derivatives | decisions=2 candidates=2 updates={'added': 2, 'matched': 0, 'revision_proposed': 0, 'rejected': 0} attempts=1 elapsed=43.2s
[belief-3stage][discovery][2/30] Introduction to Abstract Vector Spaces | decisions=4 candidates=3 updates={'added': 1, 'matched': 0, 'revision_proposed': 1, 'rejected': 2} attempts=1 elapsed=51.4s
[belief-3stage][discovery][3/30] The Geometry of Light: Dandelin Spheres and Conic Sections | decisions=7 candidates=8 updates={'added': 5, 'matched': 1, 'revision_proposed': 0, 'rejected': 1} attempts=1 elapsed=39.5s
[belief-3stage][discovery][4/30] The Knowledge Vault: How MLP Layers Store Facts in Transformers | decisions=2 candidates=8 updates={'added': 0, 'matched': 0, 'revision_proposed': 0, 'rejected': 2} attempts=1 elapsed=53.2s
[belief-3stage][discovery][5/30] The Physics of Pi: Colliding Blocks and Digit Emergence | decisions=4 candidates=9 updates={'added': 1, 'matched': 1, 'revision_proposed': 0, 'rejected': 2} attempts=1 elapsed=45.1s
[belief-3stage][discovery][6/30] The Geometry of High-Dimensional Spheres: Beyond 3D | decisions=3 candidates=11 updates={'added': 2, 'matched': 1, 'revision_proposed': 0, 'rejected': 0} attempts=1 elapsed=21.7s
[belief-3stage][discovery][7/30] Understanding Discrete Convolutions: From Filters to Features | decisions=5 candidates=16 updates={'added': 5, 'matched': 0, 'revision_proposed': 0, 'rejected': 0} attempts=1 elapsed=50.6s
[belief-3stage][discovery][8/30] Binary Counting and the Towers of Hanoi: The Hidden Logic | decisions=7 candidates=18 updates={'added': 2, 'matched': 5, 'revision_proposed': 0, 'rejected': 0} attempts=1 elapsed=61.2s
[belief-3stage][discovery][9/30] Introduction to Partial Differential Equations (PDEs) | decisions=9 candidates=21 updates={'added': 3, 'matched': 4, 'revision_proposed': 1, 'rejected': 1} attempts=1 elapsed=43.7s
[belief-3stage][discovery][10/30] The Central Limit Theorem (CLT): The Magic of Bell Curves | decisions=7 candidates=22 updates={'added': 1, 'matched': 3, 'revision_proposed': 3, 'rejected': 0} attempts=1 elapsed=38.8s
[belief-3stage][discovery][11/30] The Pi-Collision Paradox: How Counting Collisions Reveals Digits of Pi | decisions=6 candidates=23 updates={'added': 1, 'matched': 3, 'revision_proposed': 1, 'rejected': 1} attempts=1 elapsed=28.7s
[belief-3stage][discovery][12/30] Fundamentals of Vectors and Linear Algebra | decisions=7 candidates=24 updates={'added': 1, 'matched': 3, 'revision_proposed': 1, 'rejected': 2} attempts=1 elapsed=57.0s
[belief-3stage][discovery][13/30] Neural Network Learning: The Intuition Behind Backpropagation | decisions=7 candidates=27 updates={'added': 3, 'matched': 2, 'revision_proposed': 2, 'rejected': 0} attempts=1 elapsed=44.6s
[belief-3stage][discovery][14/30] Mastering Bayes' Theorem and Independence | decisions=9 candidates=31 updates={'added': 4, 'matched': 4, 'revision_proposed': 0, 'rejected': 1} attempts=1 elapsed=54.5s
[belief-3stage][discovery][15/30] The Curious Link: Block Collisions and the Digits of Pi | decisions=10 candidates=33 updates={'added': 2, 'matched': 6, 'revision_proposed': 1, 'rejected': 1} attempts=1 elapsed=45.1s
[belief-3stage][discovery][16/30] Unlocking Planar Graphs: Euler's Characteristic and Duality | decisions=8 candidates=34 updates={'added': 1, 'matched': 3, 'revision_proposed': 2, 'rejected': 2} attempts=1 elapsed=41.4s
[belief-3stage][discovery][17/30] Cramer's Rule: A Geometric Perspective | decisions=8 candidates=35 updates={'added': 1, 'matched': 3, 'revision_proposed': 2, 'rejected': 2} attempts=1 elapsed=54.9s
[belief-3stage][discovery][18/30] The Magic of Pure Fourier Series: Decomposing Complexity | decisions=6 candidates=37 updates={'added': 2, 'matched': 3, 'revision_proposed': 0, 'rejected': 1} attempts=2 elapsed=133.1s
[belief-3stage][discovery][19/30] Exploring the 2-adic Metric: Where Infinite Sums Behave Differently | decisions=10 candidates=38 updates={'added': 1, 'matched': 8, 'revision_proposed': 1, 'rejected': 0} attempts=1 elapsed=62.2s
[belief-3stage][discovery][20/30] The Unified Language of Exponents, Roots, and Logarithms | decisions=6 candidates=39 updates={'added': 1, 'matched': 3, 'revision_proposed': 1, 'rejected': 1} attempts=1 elapsed=28.1s
[belief-3stage][discovery][21/30] The Magic of Light: Principles of Holography and Diffraction | decisions=6 candidates=41 updates={'added': 2, 'matched': 3, 'revision_proposed': 1, 'rejected': 0} attempts=1 elapsed=42.8s
[belief-3stage][discovery][22/30] Foundations of Linear Algebra: From Spans to Bases | decisions=9 candidates=42 updates={'added': 1, 'matched': 7, 'revision_proposed': 0, 'rejected': 1} attempts=2 elapsed=125.0s
[belief-3stage][discovery][23/30] Fundamental Constants and Mathematical Structure in Turbulence | decisions=8 candidates=45 updates={'added': 3, 'matched': 3, 'revision_proposed': 1, 'rejected': 1} attempts=1 elapsed=57.4s
[belief-3stage][discovery][24/30] The Attention Mechanism: How Transformers Read | decisions=8 candidates=47 updates={'added': 2, 'matched': 3, 'revision_proposed': 2, 'rejected': 1} attempts=2 elapsed=94.8s
[belief-3stage][discovery][25/30] Change of Basis in Linear Algebra | decisions=5 candidates=48 updates={'added': 1, 'matched': 4, 'revision_proposed': 0, 'rejected': 0} attempts=1 elapsed=37.0s
[belief-3stage][discovery][26/30] The Transformational View of Derivatives: From Static to Dynamic | decisions=5 candidates=50 updates={'added': 2, 'matched': 3, 'revision_proposed': 0, 'rejected': 0} attempts=1 elapsed=169.5s
[belief-3stage][discovery][27/30] Moser's Circle Problem: The Deceptive Pattern | decisions=7 candidates=54 updates={'added': 4, 'matched': 3, 'revision_proposed': 0, 'rejected': 0} attempts=1 elapsed=47.4s
[belief-3stage][discovery][28/30] From Average Speed to Instantaneous Rate: Understanding the Derivative | decisions=6 candidates=56 updates={'added': 2, 'matched': 2, 'revision_proposed': 1, 'rejected': 1} attempts=1 elapsed=55.9s
[belief-3stage][discovery][29/30] The Magic of Quantum Superposition: Bridging Classical and Quantum Realities | decisions=6 candidates=57 updates={'added': 1, 'matched': 4, 'revision_proposed': 1, 'rejected': 0} attempts=1 elapsed=40.5s
[belief-3stage][discovery][30/30] The Brachistochrone Problem: The Race of Curves | decisions=8 candidates=60 updates={'added': 3, 'matched': 5, 'revision_proposed': 0, 'rejected': 0} attempts=1 elapsed=63.3s
[belief-3stage][consolidation] Consolidating 60 candidates
[belief-3stage][consolidation] Non-blocking academic quality concerns=12; see /scratch/pawsey1357/jthen/Code2Video/mas_logs/pipeline_20260808_143634/belief_three_stage/belief_quality_concerns.json
[belief-3stage][consolidation] Frozen beliefs=51 excluded=1 attempts=1
[belief-3stage][evidence] Evaluating 51 frozen beliefs against 30 topics
[belief-3stage][evidence][1/30] The Fundamental Bridge: The Relationship Between Integrals and Derivatives | applicable=17 observations=18 not_applicable=30 insufficient=4 updates={'action:observe': 15, 'action:support': 3, 'total_assessments': 18} attempts=2 elapsed=102.6s
[belief-3stage][evidence][2/30] Introduction to Abstract Vector Spaces | applicable=10 observations=10 not_applicable=20 insufficient=21 updates={'action:support': 7, 'action:observe': 3, 'total_assessments': 10} attempts=1 elapsed=54.7s
[belief-3stage][evidence][3/30] The Geometry of Light: Dandelin Spheres and Conic Sections | applicable=22 observations=22 not_applicable=21 insufficient=8 updates={'action:support': 15, 'action:observe': 7, 'total_assessments': 22} attempts=1 elapsed=65.7s
[belief-3stage][evidence][4/30] The Knowledge Vault: How MLP Layers Store Facts in Transformers | applicable=7 observations=7 not_applicable=38 insufficient=6 updates={'action:observe': 7, 'total_assessments': 7} attempts=1 elapsed=59.8s
[belief-3stage][evidence][5/30] The Physics of Pi: Colliding Blocks and Digit Emergence | applicable=28 observations=30 not_applicable=20 insufficient=3 updates={'action:support': 13, 'action:observe': 11, 'action:contradict': 6, 'total_assessments': 30} attempts=1 elapsed=63.0s
[belief-3stage][evidence][6/30] The Geometry of High-Dimensional Spheres: Beyond 3D | applicable=27 observations=27 not_applicable=19 insufficient=5 updates={'action:observe': 27, 'total_assessments': 27} attempts=1 elapsed=59.8s
[belief-3stage][evidence][7/30] Understanding Discrete Convolutions: From Filters to Features | applicable=24 observations=24 not_applicable=17 insufficient=10 updates={'action:support': 8, 'action:observe': 16, 'total_assessments': 24} attempts=1 elapsed=73.4s
[belief-3stage][evidence][8/30] Binary Counting and the Towers of Hanoi: The Hidden Logic | applicable=20 observations=20 not_applicable=21 insufficient=10 updates={'action:support': 9, 'action:observe': 10, 'action:contradict': 1, 'total_assessments': 20} attempts=1 elapsed=73.5s
[belief-3stage][evidence][9/30] Introduction to Partial Differential Equations (PDEs) | applicable=17 observations=17 not_applicable=31 insufficient=3 updates={'action:support': 2, 'action:observe': 15, 'total_assessments': 17} attempts=1 elapsed=61.4s
[belief-3stage][evidence][10/30] The Central Limit Theorem (CLT): The Magic of Bell Curves | applicable=26 observations=30 not_applicable=24 insufficient=1 updates={'action:support': 1, 'action:observe': 29, 'total_assessments': 30} attempts=1 elapsed=80.4s
[belief-3stage][evidence][11/30] The Pi-Collision Paradox: How Counting Collisions Reveals Digits of Pi | applicable=26 observations=26 not_applicable=22 insufficient=3 updates={'action:observe': 24, 'action:support': 2, 'total_assessments': 26} attempts=1 elapsed=67.4s
[belief-3stage][evidence][12/30] Fundamentals of Vectors and Linear Algebra | applicable=25 observations=25 not_applicable=26 insufficient=0 updates={'action:support': 7, 'action:observe': 18, 'total_assessments': 25} attempts=1 elapsed=61.2s
[belief-3stage][evidence][13/30] Neural Network Learning: The Intuition Behind Backpropagation | applicable=28 observations=28 not_applicable=20 insufficient=3 updates={'action:support': 4, 'action:observe': 24, 'total_assessments': 28} attempts=1 elapsed=76.1s
[belief-3stage][evidence][14/30] Mastering Bayes' Theorem and Independence | applicable=18 observations=18 not_applicable=24 insufficient=9 updates={'action:support': 11, 'action:observe': 7, 'total_assessments': 18} attempts=1 elapsed=57.7s
[belief-3stage][evidence][15/30] The Curious Link: Block Collisions and the Digits of Pi | applicable=15 observations=15 not_applicable=26 insufficient=10 updates={'action:support': 2, 'action:observe': 13, 'total_assessments': 15} attempts=1 elapsed=56.4s
[belief-3stage][evidence][16/30] Unlocking Planar Graphs: Euler's Characteristic and Duality | applicable=27 observations=27 not_applicable=21 insufficient=3 updates={'action:observe': 27, 'total_assessments': 27} attempts=1 elapsed=64.0s
[belief-3stage][evidence][17/30] Cramer's Rule: A Geometric Perspective | applicable=10 observations=10 not_applicable=22 insufficient=19 updates={'action:support': 3, 'action:observe': 7, 'total_assessments': 10} attempts=1 elapsed=44.6s
[belief-3stage][evidence][18/30] The Magic of Pure Fourier Series: Decomposing Complexity | applicable=27 observations=27 not_applicable=23 insufficient=1 updates={'action:support': 11, 'action:observe': 15, 'action:contradict': 1, 'total_assessments': 27} attempts=1 elapsed=85.4s
[belief-3stage][evidence][19/30] Exploring the 2-adic Metric: Where Infinite Sums Behave Differently | applicable=30 observations=31 not_applicable=20 insufficient=1 updates={'action:support': 3, 'action:observe': 28, 'total_assessments': 31} attempts=1 elapsed=68.2s
[belief-3stage][evidence][20/30] The Unified Language of Exponents, Roots, and Logarithms | applicable=18 observations=18 not_applicable=6 insufficient=27 updates={'action:support': 4, 'action:observe': 14, 'total_assessments': 18} attempts=2 elapsed=129.3s
[belief-3stage][evidence][21/30] The Magic of Light: Principles of Holography and Diffraction | applicable=20 observations=21 not_applicable=28 insufficient=3 updates={'action:support': 11, 'action:observe': 8, 'action:contradict': 2, 'total_assessments': 21} attempts=1 elapsed=64.7s
[belief-3stage][evidence][22/30] Foundations of Linear Algebra: From Spans to Bases | applicable=15 observations=15 not_applicable=28 insufficient=8 updates={'action:support': 6, 'action:observe': 9, 'total_assessments': 15} attempts=1 elapsed=48.6s
[belief-3stage][evidence][23/30] Fundamental Constants and Mathematical Structure in Turbulence | applicable=23 observations=23 not_applicable=20 insufficient=8 updates={'action:support': 1, 'action:observe': 22, 'total_assessments': 23} attempts=1 elapsed=66.4s
[belief-3stage][evidence][24/30] The Attention Mechanism: How Transformers Read | applicable=31 observations=34 not_applicable=14 insufficient=6 updates={'action:support': 17, 'action:observe': 17, 'total_assessments': 34} attempts=1 elapsed=65.5s
[belief-3stage][evidence][25/30] Change of Basis in Linear Algebra | applicable=13 observations=13 not_applicable=20 insufficient=18 updates={'action:observe': 9, 'action:support': 4, 'total_assessments': 13} attempts=1 elapsed=43.4s
[belief-3stage][evidence][26/30] The Transformational View of Derivatives: From Static to Dynamic | applicable=26 observations=26 not_applicable=21 insufficient=4 updates={'action:observe': 21, 'action:support': 4, 'action:contradict': 1, 'total_assessments': 26} attempts=1 elapsed=71.1s
[belief-3stage][evidence][27/30] Moser's Circle Problem: The Deceptive Pattern | applicable=25 observations=25 not_applicable=22 insufficient=4 updates={'action:support': 13, 'action:observe': 6, 'action:contradict': 6, 'total_assessments': 25} attempts=1 elapsed=63.2s
[belief-3stage][evidence][28/30] From Average Speed to Instantaneous Rate: Understanding the Derivative | applicable=28 observations=29 not_applicable=20 insufficient=3 updates={'action:support': 23, 'action:observe': 6, 'total_assessments': 29} attempts=1 elapsed=59.9s
[belief-3stage][evidence][29/30] The Magic of Quantum Superposition: Bridging Classical and Quantum Realities | applicable=17 observations=17 not_applicable=28 insufficient=6 updates={'action:support': 2, 'action:observe': 15, 'total_assessments': 17} attempts=1 elapsed=38.1s
[belief-3stage][evidence][30/30] The Brachistochrone Problem: The Race of Curves | applicable=25 observations=25 not_applicable=18 insufficient=8 updates={'action:observe': 22, 'action:support': 3, 'total_assessments': 25} attempts=1 elapsed=70.1s
[belief-3stage] Complete | candidates=60 beliefs=51 evidence_rows=1530
Final library: /scratch/pawsey1357/jthen/Code2Video/mas_logs/pipeline_20260808_143634/belief_three_stage/belief_library.json
Finished at Sat Aug  8 06:58:04 PM AWST 2026
