Starting three-stage 30-topic belief pipeline at Fri Aug 14 09:47:33 AM AWST 2026
Repository: /scratch/pawsey1357/jthen/Code2Video
Pipeline: mas_logs/pipeline_20260814_075635
Reflection model: configured in src/api_config.json
Embedding model: /software/projects/pawsey1357/jthen/models/bge-small-en-v1.5
Output directory: mas_logs/pipeline_20260814_075635/belief_three_stage
Starting stage: discovery
Stages: candidate discovery -> global consolidation -> retrospective evidence
Belief library mode: fresh (prior three-stage outputs will be replaced)
Command: singularity exec /software/projects/pawsey1357/jthen/containers/manim-0.19.0.sif /software/projects/pawsey1357/jthen/venvs/code2video-manim/bin/python src/mas_belief_three_stage.py --pipeline-dir mas_logs/pipeline_20260814_075635 --output-dir mas_logs/pipeline_20260814_075635/belief_three_stage --belief-embedding-model /software/projects/pawsey1357/jthen/models/bge-small-en-v1.5 --start-stage discovery --fresh
[belief-3stage][discovery] Starting 30 topics
[belief-3stage][discovery][1/30] Mastering Wordle: Information Theory and Optimal Strategies | decisions=3 candidates=3 updates={'added': 3, 'matched': 0, 'revision_proposed': 0, 'rejected': 0} attempts=1 elapsed=24.9s
[belief-3stage][discovery][2/30] The Inscribed Square Problem (Toeplitz's Conjecture) | decisions=3 candidates=5 updates={'added': 2, 'matched': 0, 'revision_proposed': 1, 'rejected': 0} attempts=1 elapsed=41.2s
[belief-3stage][discovery][3/30] Higher Order Derivatives: The Dynamics of Motion | decisions=3 candidates=6 updates={'added': 1, 'matched': 1, 'revision_proposed': 0, 'rejected': 1} attempts=1 elapsed=23.7s
[belief-3stage][discovery][4/30] The Mathematical Foundations of Bitcoin | decisions=4 candidates=7 updates={'added': 1, 'matched': 1, 'revision_proposed': 1, 'rejected': 1} attempts=1 elapsed=25.9s
[belief-3stage][discovery][5/30] Cracking the Code: Information Theory and Entropy in Wordle | decisions=6 candidates=8 updates={'added': 1, 'matched': 3, 'revision_proposed': 1, 'rejected': 1} attempts=1 elapsed=63.7s
[belief-3stage][discovery][6/30] The Magic of Roots of Unity: Using Complex Numbers in Combinatorics | decisions=5 candidates=9 updates={'added': 1, 'matched': 3, 'revision_proposed': 1, 'rejected': 0} attempts=1 elapsed=58.0s
[belief-3stage][discovery][7/30] The Engine of AI: Cost Functions and Gradient Descent | decisions=7 candidates=12 updates={'added': 3, 'matched': 1, 'revision_proposed': 1, 'rejected': 2} attempts=1 elapsed=39.2s
[belief-3stage][discovery][8/30] Understanding Fractal Dimension: Beyond Euclidean Geometry | decisions=7 candidates=14 updates={'added': 2, 'matched': 3, 'revision_proposed': 0, 'rejected': 2} attempts=1 elapsed=36.3s
[belief-3stage][discovery][9/30] Space-Filling Curves: Bridging Dimensions | decisions=8 candidates=15 updates={'added': 1, 'matched': 4, 'revision_proposed': 1, 'rejected': 2} attempts=1 elapsed=43.2s
[belief-3stage][discovery][10/30] The Geometric Intuition of Cross Products | decisions=8 candidates=16 updates={'added': 1, 'matched': 5, 'revision_proposed': 0, 'rejected': 2} attempts=2 elapsed=112.2s
[belief-3stage][discovery][11/30] The Mystery of Pi: Definition and Historical Evolution | decisions=7 candidates=19 updates={'added': 3, 'matched': 2, 'revision_proposed': 2, 'rejected': 0} attempts=1 elapsed=57.3s
[belief-3stage][discovery][12/30] The Physics of Refraction: A Proof of Snell's Law | decisions=8 candidates=20 updates={'added': 1, 'matched': 5, 'revision_proposed': 1, 'rejected': 1} attempts=3 elapsed=167.4s
[belief-3stage][discovery][13/30] The Rhythm of Mathematics: Understanding Music and Measure Theory | decisions=6 candidates=21 updates={'added': 1, 'matched': 3, 'revision_proposed': 1, 'rejected': 1} attempts=1 elapsed=31.5s
[belief-3stage][discovery][14/30] Three-Dimensional Linear Transformations | decisions=6 candidates=23 updates={'added': 2, 'matched': 2, 'revision_proposed': 1, 'rejected': 1} attempts=1 elapsed=47.6s
[belief-3stage][discovery][15/30] Linear Transformations and Matrices: The Geometry of Change | decisions=5 candidates=24 updates={'added': 1, 'matched': 2, 'revision_proposed': 1, 'rejected': 1} attempts=1 elapsed=63.5s
[belief-3stage][discovery][16/30] The Bridge Between Slopes and Areas: The Fundamental Theorem of Calculus | decisions=6 candidates=25 updates={'added': 1, 'matched': 4, 'revision_proposed': 0, 'rejected': 1} attempts=1 elapsed=36.4s
[belief-3stage][discovery][17/30] Mastering Limits: From Intuition to L'Hôpital's Rule | decisions=5 candidates=27 updates={'added': 2, 'matched': 3, 'revision_proposed': 0, 'rejected': 0} attempts=1 elapsed=34.4s
[belief-3stage][discovery][18/30] Understanding the Determinant: Geometry and Scaling | decisions=4 candidates=31 updates={'added': 4, 'matched': 0, 'revision_proposed': 0, 'rejected': 0} attempts=1 elapsed=46.1s
[belief-3stage][discovery][19/30] Dot Products and the Concept of Duality | decisions=8 candidates=32 updates={'added': 1, 'matched': 3, 'revision_proposed': 3, 'rejected': 1} attempts=1 elapsed=43.4s
[belief-3stage][discovery][20/30] Mastering the Product and Chain Rules in Calculus | decisions=11 candidates=34 updates={'added': 2, 'matched': 8, 'revision_proposed': 1, 'rejected': 0} attempts=1 elapsed=45.4s
[belief-3stage][discovery][21/30] The Geometric Intuition of Linear Systems: Spaces and Inverses | decisions=6 candidates=35 updates={'added': 1, 'matched': 4, 'revision_proposed': 0, 'rejected': 1} attempts=1 elapsed=53.8s
[belief-3stage][discovery][22/30] The Additive Property of Normal Distributions: Gaussian + Gaussian = Gaussian | decisions=8 candidates=37 updates={'added': 2, 'matched': 3, 'revision_proposed': 2, 'rejected': 1} attempts=1 elapsed=65.4s
[belief-3stage][discovery][23/30] From Tangents to Infinity: Newton's Method and Fractals | decisions=6 candidates=38 updates={'added': 1, 'matched': 3, 'revision_proposed': 1, 'rejected': 1} attempts=1 elapsed=29.6s
[belief-3stage][discovery][24/30] The Physics of Light: Understanding Refraction | decisions=8 candidates=39 updates={'added': 1, 'matched': 5, 'revision_proposed': 1, 'rejected': 1} attempts=1 elapsed=62.5s
[belief-3stage][discovery][25/30] Decoding Epidemics: The SIR Model Mechanics | decisions=7 candidates=41 updates={'added': 2, 'matched': 2, 'revision_proposed': 2, 'rejected': 1} attempts=1 elapsed=61.0s
[belief-3stage][discovery][26/30] The Geometry of Light: Sphere Surface Area and Its Projected Shadow | decisions=8 candidates=42 updates={'added': 1, 'matched': 5, 'revision_proposed': 1, 'rejected': 1} attempts=2 elapsed=133.1s
[belief-3stage][discovery][27/30] The Barber Pole Effect: Polarized Light and Chiral Molecules | decisions=5 candidates=44 updates={'added': 2, 'matched': 1, 'revision_proposed': 2, 'rejected': 0} attempts=2 elapsed=73.6s
[belief-3stage][discovery][28/30] The Ternary Code of Sierpinski: From Towers of Hanoi to Fractals | decisions=6 candidates=45 updates={'added': 1, 'matched': 3, 'revision_proposed': 2, 'rejected': 0} attempts=1 elapsed=46.7s
[belief-3stage][discovery][29/30] The Magic of Text-to-Image AI: From Concepts to Pixels | decisions=6 candidates=48 updates={'added': 3, 'matched': 2, 'revision_proposed': 0, 'rejected': 1} attempts=1 elapsed=27.8s
[belief-3stage][discovery][30/30] Space-Filling Curves: Bridging the Finite and the Infinite | decisions=5 candidates=49 updates={'added': 1, 'matched': 3, 'revision_proposed': 1, 'rejected': 0} attempts=1 elapsed=42.0s
[belief-3stage][consolidation] Consolidating 49 candidates
[belief-3stage][consolidation] Non-blocking academic quality concerns=12; see /scratch/pawsey1357/jthen/Code2Video/mas_logs/pipeline_20260814_075635/belief_three_stage/belief_quality_concerns.json
[belief-3stage][consolidation] Frozen beliefs=44 excluded=0 attempts=1
[belief-3stage][evidence] Evaluating 44 frozen beliefs against 30 topics
[belief-3stage][evidence][1/30] Mastering Wordle: Information Theory and Optimal Strategies | applicable=28 observations=28 not_applicable=12 insufficient=4 updates={'action:observe': 22, 'action:support': 6, 'total_assessments': 28} attempts=1 elapsed=61.6s
[belief-3stage][evidence][2/30] The Inscribed Square Problem (Toeplitz's Conjecture) | applicable=22 observations=23 not_applicable=16 insufficient=6 updates={'action:observe': 22, 'action:support': 1, 'total_assessments': 23} attempts=1 elapsed=70.1s
[belief-3stage][evidence][3/30] Higher Order Derivatives: The Dynamics of Motion | applicable=22 observations=23 not_applicable=2 insufficient=20 updates={'action:support': 9, 'action:observe': 14, 'total_assessments': 23} attempts=1 elapsed=74.0s
[belief-3stage][evidence][4/30] The Mathematical Foundations of Bitcoin | applicable=19 observations=20 not_applicable=2 insufficient=23 updates={'action:observe': 9, 'action:support': 11, 'total_assessments': 20} attempts=1 elapsed=75.7s
[belief-3stage][evidence][5/30] Cracking the Code: Information Theory and Entropy in Wordle | applicable=28 observations=29 not_applicable=15 insufficient=1 updates={'action:observe': 28, 'action:support': 1, 'total_assessments': 29} attempts=1 elapsed=56.9s
[belief-3stage][evidence][6/30] The Magic of Roots of Unity: Using Complex Numbers in Combinatorics | applicable=25 observations=25 not_applicable=15 insufficient=4 updates={'action:observe': 23, 'action:support': 2, 'total_assessments': 25} attempts=1 elapsed=66.6s
[belief-3stage][evidence][7/30] The Engine of AI: Cost Functions and Gradient Descent | applicable=25 observations=25 not_applicable=1 insufficient=18 updates={'action:observe': 24, 'action:support': 1, 'total_assessments': 25} attempts=1 elapsed=58.2s
[belief-3stage][evidence][8/30] Understanding Fractal Dimension: Beyond Euclidean Geometry | applicable=25 observations=25 not_applicable=14 insufficient=5 updates={'action:observe': 25, 'total_assessments': 25} attempts=1 elapsed=86.3s
[belief-3stage][evidence][9/30] Space-Filling Curves: Bridging Dimensions | applicable=21 observations=21 not_applicable=21 insufficient=2 updates={'action:observe': 14, 'action:support': 7, 'total_assessments': 21} attempts=1 elapsed=57.7s
[belief-3stage][evidence][10/30] The Geometric Intuition of Cross Products | applicable=24 observations=24 not_applicable=12 insufficient=8 updates={'action:observe': 21, 'action:support': 3, 'total_assessments': 24} attempts=1 elapsed=51.6s
[belief-3stage][evidence][11/30] The Mystery of Pi: Definition and Historical Evolution | applicable=20 observations=20 not_applicable=21 insufficient=3 updates={'action:observe': 14, 'action:support': 6, 'total_assessments': 20} attempts=1 elapsed=56.7s
[belief-3stage][evidence][12/30] The Physics of Refraction: A Proof of Snell's Law | applicable=26 observations=26 not_applicable=13 insufficient=5 updates={'action:observe': 20, 'action:support': 5, 'action:contradict': 1, 'total_assessments': 26} attempts=1 elapsed=65.2s
[belief-3stage][evidence][13/30] The Rhythm of Mathematics: Understanding Music and Measure Theory | applicable=14 observations=14 not_applicable=17 insufficient=13 updates={'action:support': 3, 'action:observe': 11, 'total_assessments': 14} attempts=1 elapsed=48.7s
[belief-3stage][evidence][14/30] Three-Dimensional Linear Transformations | applicable=27 observations=29 not_applicable=16 insufficient=1 updates={'action:observe': 28, 'action:support': 1, 'total_assessments': 29} attempts=1 elapsed=61.6s
[belief-3stage][evidence][15/30] Linear Transformations and Matrices: The Geometry of Change | applicable=25 observations=25 not_applicable=4 insufficient=15 updates={'action:observe': 22, 'action:support': 3, 'total_assessments': 25} attempts=1 elapsed=67.1s
[belief-3stage][evidence][16/30] The Bridge Between Slopes and Areas: The Fundamental Theorem of Calculus | applicable=9 observations=9 not_applicable=11 insufficient=24 updates={'action:observe': 7, 'action:support': 2, 'total_assessments': 9} attempts=1 elapsed=45.7s
[belief-3stage][evidence][17/30] Mastering Limits: From Intuition to L'Hôpital's Rule | applicable=28 observations=28 not_applicable=16 insufficient=0 updates={'action:observe': 24, 'action:support': 4, 'total_assessments': 28} attempts=1 elapsed=67.3s
[belief-3stage][evidence][18/30] Understanding the Determinant: Geometry and Scaling | applicable=27 observations=27 not_applicable=12 insufficient=5 updates={'action:observe': 5, 'action:support': 16, 'action:contradict': 6, 'total_assessments': 27} attempts=1 elapsed=78.6s
[belief-3stage][evidence][19/30] Dot Products and the Concept of Duality | applicable=23 observations=25 not_applicable=7 insufficient=14 updates={'action:observe': 23, 'action:support': 2, 'total_assessments': 25} attempts=1 elapsed=70.8s
[belief-3stage][evidence][20/30] Mastering the Product and Chain Rules in Calculus | applicable=25 observations=25 not_applicable=3 insufficient=16 updates={'action:support': 7, 'action:contradict': 2, 'action:observe': 16, 'total_assessments': 25} attempts=1 elapsed=86.4s
[belief-3stage][evidence][21/30] The Geometric Intuition of Linear Systems: Spaces and Inverses | applicable=26 observations=26 not_applicable=16 insufficient=2 updates={'action:observe': 22, 'action:support': 4, 'total_assessments': 26} attempts=1 elapsed=67.3s
[belief-3stage][evidence][22/30] The Additive Property of Normal Distributions: Gaussian + Gaussian = Gaussian | applicable=22 observations=23 not_applicable=21 insufficient=1 updates={'action:observe': 22, 'action:support': 1, 'total_assessments': 23} attempts=1 elapsed=70.1s
[belief-3stage][evidence][23/30] From Tangents to Infinity: Newton's Method and Fractals | applicable=26 observations=26 not_applicable=4 insufficient=14 updates={'action:observe': 25, 'action:support': 1, 'total_assessments': 26} attempts=1 elapsed=69.5s
[belief-3stage][evidence][24/30] The Physics of Light: Understanding Refraction | applicable=26 observations=27 not_applicable=17 insufficient=1 updates={'action:support': 10, 'action:observe': 16, 'action:contradict': 1, 'total_assessments': 27} attempts=1 elapsed=61.1s
[belief-3stage][evidence][25/30] Decoding Epidemics: The SIR Model Mechanics | applicable=26 observations=26 not_applicable=18 insufficient=0 updates={'action:observe': 12, 'action:support': 13, 'action:contradict': 1, 'total_assessments': 26} attempts=1 elapsed=72.6s
[belief-3stage][evidence][26/30] The Geometry of Light: Sphere Surface Area and Its Projected Shadow | applicable=24 observations=26 not_applicable=14 insufficient=6 updates={'action:observe': 21, 'action:support': 5, 'total_assessments': 26} attempts=1 elapsed=66.2s
[belief-3stage][evidence][27/30] The Barber Pole Effect: Polarized Light and Chiral Molecules | applicable=26 observations=26 not_applicable=15 insufficient=3 updates={'action:observe': 24, 'action:support': 2, 'total_assessments': 26} attempts=1 elapsed=48.9s
[belief-3stage][evidence][28/30] The Ternary Code of Sierpinski: From Towers of Hanoi to Fractals | applicable=26 observations=27 not_applicable=18 insufficient=0 updates={'action:observe': 21, 'action:support': 6, 'total_assessments': 27} attempts=1 elapsed=70.9s
[belief-3stage][evidence][29/30] The Magic of Text-to-Image AI: From Concepts to Pixels | applicable=25 observations=25 not_applicable=17 insufficient=2 updates={'action:observe': 19, 'action:support': 6, 'total_assessments': 25} attempts=1 elapsed=62.7s
[belief-3stage][evidence][30/30] Space-Filling Curves: Bridging the Finite and the Infinite | applicable=20 observations=20 not_applicable=21 insufficient=3 updates={'action:observe': 17, 'action:support': 3, 'total_assessments': 20} attempts=1 elapsed=57.7s
[belief-3stage] Complete | candidates=49 beliefs=44 evidence_rows=1320
Final library: /scratch/pawsey1357/jthen/Code2Video/mas_logs/pipeline_20260814_075635/belief_three_stage/belief_library.json
Finished at Fri Aug 14 10:49:53 AM AWST 2026
