Starting three-stage 30-topic belief pipeline at Fri Aug  7 09:53:57 AM AWST 2026
Repository: /scratch/pawsey1357/jthen/Code2Video
Pipeline: mas_logs/pipeline_20260803_114800
Reflection model: configured in src/api_config.json
Embedding model: /software/projects/pawsey1357/jthen/models/bge-small-en-v1.5
Output directory: mas_logs/pipeline_20260803_114800/belief_three_stage_v2
Starting stage: discovery
Stages: candidate discovery -> global consolidation -> retrospective evidence
Belief library mode: fresh (prior three-stage outputs will be replaced)
Command: singularity exec /software/projects/pawsey1357/jthen/containers/manim-0.19.0.sif /software/projects/pawsey1357/jthen/venvs/code2video-manim/bin/python src/mas_belief_three_stage.py --pipeline-dir mas_logs/pipeline_20260803_114800 --output-dir mas_logs/pipeline_20260803_114800/belief_three_stage_v2 --belief-embedding-model /software/projects/pawsey1357/jthen/models/bge-small-en-v1.5 --start-stage discovery --fresh
[belief-3stage][discovery] Starting 30 topics
[belief-3stage][discovery][1/30] The Cosmic Connection: Linking Derivatives and Integrals | decisions=6 candidates=5 updates={'added': 5, 'matched': 0, 'revision_proposed': 0, 'rejected': 1} attempts=1 elapsed=26.9s
[belief-3stage][discovery][2/30] Abstract Vector Spaces: Beyond the Arrow | decisions=5 candidates=7 updates={'added': 2, 'matched': 1, 'revision_proposed': 1, 'rejected': 1} attempts=1 elapsed=33.6s
[belief-3stage][discovery][3/30] Dandelin Spheres: The Geometric Soul of Conic Sections | decisions=7 candidates=8 updates={'added': 1, 'matched': 3, 'revision_proposed': 1, 'rejected': 2} attempts=1 elapsed=46.5s
[belief-3stage][discovery][4/30] How Multilayer Perceptrons (MLPs) in Transformers Store Facts | decisions=7 candidates=11 updates={'added': 3, 'matched': 2, 'revision_proposed': 1, 'rejected': 1} attempts=1 elapsed=40.5s
[belief-3stage][discovery][5/30] The Pi Machine: How Colliding Blocks Compute the Digits of Pi | decisions=8 candidates=14 updates={'added': 3, 'matched': 4, 'revision_proposed': 1, 'rejected': 0} attempts=1 elapsed=50.9s
[belief-3stage][discovery][6/30] Beyond the Third Dimension: Exploring High-Dimensional Spheres | decisions=9 candidates=16 updates={'added': 2, 'matched': 3, 'revision_proposed': 2, 'rejected': 2} attempts=1 elapsed=63.6s
[belief-3stage][discovery][7/30] Discrete Convolutions and Their Applications | decisions=6 candidates=19 updates={'added': 3, 'matched': 2, 'revision_proposed': 1, 'rejected': 0} attempts=1 elapsed=29.3s
[belief-3stage][discovery][8/30] The Binary Secret of the Towers of Hanoi | decisions=7 candidates=22 updates={'added': 3, 'matched': 2, 'revision_proposed': 2, 'rejected': 0} attempts=1 elapsed=51.3s
[belief-3stage][discovery][9/30] Introduction to Partial Differential Equations (PDEs): Modeling a Changing World | decisions=9 candidates=26 updates={'added': 4, 'matched': 5, 'revision_proposed': 0, 'rejected': 0} attempts=1 elapsed=55.5s
[belief-3stage][discovery][10/30] The Magic of the Bell Curve: Understanding the Central Limit Theorem | decisions=9 candidates=29 updates={'added': 3, 'matched': 3, 'revision_proposed': 2, 'rejected': 1} attempts=1 elapsed=53.5s
[belief-3stage][discovery][11/30] The Pi Collision Puzzle: Why Counting Bounces Reveals the Universe's Most Famous Constant | decisions=5 candidates=31 updates={'added': 2, 'matched': 1, 'revision_proposed': 1, 'rejected': 1} attempts=1 elapsed=61.0s
[belief-3stage][discovery][12/30] The Visual Heart of Linear Algebra: Understanding Vectors | decisions=7 candidates=33 updates={'added': 2, 'matched': 3, 'revision_proposed': 2, 'rejected': 0} attempts=1 elapsed=56.3s
[belief-3stage][discovery][13/30] Neural Network Learning and Intuitive Backpropagation | decisions=7 candidates=35 updates={'added': 2, 'matched': 4, 'revision_proposed': 0, 'rejected': 1} attempts=1 elapsed=22.7s
[belief-3stage][discovery][14/30] Bayes' Theorem and Independence: The Logic of Updating Beliefs | decisions=11 candidates=37 updates={'added': 2, 'matched': 8, 'revision_proposed': 0, 'rejected': 1} attempts=1 elapsed=73.3s
[belief-3stage][discovery][15/30] The Physics of Pi: Why Colliding Blocks Calculate Circles | decisions=7 candidates=41 updates={'added': 4, 'matched': 0, 'revision_proposed': 2, 'rejected': 1} attempts=2 elapsed=136.2s
[belief-3stage][discovery][16/30] The Secret Symmetry: Euler's Characteristic and Planar Graph Duality | decisions=8 candidates=42 updates={'added': 1, 'matched': 5, 'revision_proposed': 1, 'rejected': 1} attempts=1 elapsed=58.3s
[belief-3stage][discovery][17/30] The Geometric Intuition of Cramer's Rule | decisions=8 candidates=43 updates={'added': 1, 'matched': 4, 'revision_proposed': 1, 'rejected': 2} attempts=1 elapsed=51.3s
[belief-3stage][discovery][18/30] Pure Fourier Series: The DNA of Waves | decisions=8 candidates=44 updates={'added': 1, 'matched': 7, 'revision_proposed': 0, 'rejected': 0} attempts=1 elapsed=41.7s
[belief-3stage][discovery][19/30] The Upside-Down World of 2-adic Numbers: Redefining Convergence | decisions=7 candidates=47 updates={'added': 3, 'matched': 2, 'revision_proposed': 1, 'rejected': 1} attempts=1 elapsed=40.5s
[belief-3stage][discovery][20/30] The Triangle of Power: A Unified Notation for Powers, Roots, and Logarithms | decisions=7 candidates=48 updates={'added': 1, 'matched': 3, 'revision_proposed': 1, 'rejected': 2} attempts=1 elapsed=33.6s
[belief-3stage][discovery][21/30] Principles of Holography and Diffraction: Capturing the Whole Light | decisions=6 candidates=51 updates={'added': 3, 'matched': 2, 'revision_proposed': 0, 'rejected': 1} attempts=1 elapsed=40.4s
[belief-3stage][discovery][22/30] The DNA of Linear Spaces: From Linear Combinations to Bases | decisions=8 candidates=52 updates={'added': 1, 'matched': 4, 'revision_proposed': 0, 'rejected': 3} attempts=1 elapsed=33.9s
[belief-3stage][discovery][23/30] The Hidden Order of Chaos: Constants and Structure in Turbulence | decisions=8 candidates=54 updates={'added': 2, 'matched': 2, 'revision_proposed': 2, 'rejected': 2} attempts=1 elapsed=53.8s
[belief-3stage][discovery][24/30] The 'Attention' Secret: How Transformers Understand Context | decisions=7 candidates=55 updates={'added': 1, 'matched': 5, 'revision_proposed': 0, 'rejected': 1} attempts=2 elapsed=176.5s
[belief-3stage][discovery][25/30] Change of Basis: Seeing the Same World through Different Eyes | decisions=8 candidates=58 updates={'added': 3, 'matched': 5, 'revision_proposed': 0, 'rejected': 0} attempts=1 elapsed=44.4s
[belief-3stage][discovery][26/30] The Transformational View of Derivatives: Beyond the Slope | decisions=6 candidates=60 updates={'added': 2, 'matched': 3, 'revision_proposed': 0, 'rejected': 1} attempts=1 elapsed=35.9s
[belief-3stage][discovery][27/30] Moser's Circle Problem: The Danger of Patterns | decisions=5 candidates=61 updates={'added': 1, 'matched': 2, 'revision_proposed': 1, 'rejected': 1} attempts=1 elapsed=46.0s
[belief-3stage][discovery][28/30] From Average Speed to Instantaneous Change: The Magic of the Derivative | decisions=6 candidates=62 updates={'added': 1, 'matched': 4, 'revision_proposed': 0, 'rejected': 1} attempts=2 elapsed=94.9s
[belief-3stage][discovery][29/30] The Logic of the Multiverse: Superposition and Quantum States | decisions=8 candidates=63 updates={'added': 1, 'matched': 5, 'revision_proposed': 1, 'rejected': 1} attempts=2 elapsed=142.4s
[belief-3stage][discovery][30/30] The Brachistochrone Problem: The Path of Quickest Descent | decisions=7 candidates=66 updates={'added': 3, 'matched': 2, 'revision_proposed': 1, 'rejected': 1} attempts=1 elapsed=29.9s
[belief-3stage][consolidation] Consolidating 66 candidates
