Traceback (most recent call last):
  File "/software/projects/pawsey1357/jthen/venvs/code2video-manim/lib/python3.11/site-packages/google/genai/_gaos/interactions.py", line 711, in create
    return _speakeasy_parse_response(http_res)
           ^^^^^^^^^^^^^^^^^^^^^^^^^^^^^^^^^^^
  File "/software/projects/pawsey1357/jthen/venvs/code2video-manim/lib/python3.11/site-packages/google/genai/_gaos/interactions.py", line 489, in _speakeasy_parse_response
    raise errors.CreateInteractionClientError(
google.genai._gaos.errors.createinteraction.CreateInteractionClientError: Request contains an invalid argument.

The above exception was the direct cause of the following exception:

Traceback (most recent call last):
  File "/scratch/pawsey1357/jthen/Code2Video/src/mas_belief_three_stage.py", line 1105, in <module>
    raise SystemExit(main())
                     ^^^^^^
  File "/scratch/pawsey1357/jthen/Code2Video/src/mas_belief_three_stage.py", line 950, in main
    evaluated, usage, attempts = _structured_call(
                                 ^^^^^^^^^^^^^^^^^
  File "/scratch/pawsey1357/jthen/Code2Video/src/mas_belief_three_stage.py", line 177, in _structured_call
    response = create_interaction(
               ^^^^^^^^^^^^^^^^^^^
  File "/scratch/pawsey1357/jthen/Code2Video/src/mas_interactions.py", line 221, in create_interaction
    return InteractionResponse([client.interactions.create(**kwargs)])
                                ^^^^^^^^^^^^^^^^^^^^^^^^^^^^^^^^^^^^
  File "/software/projects/pawsey1357/jthen/venvs/code2video-manim/lib/python3.11/site-packages/google/genai/_gaos/google_genai.py", line 273, in create
    response = wrap_sdk_call(
               ^^^^^^^^^^^^^^
  File "/software/projects/pawsey1357/jthen/venvs/code2video-manim/lib/python3.11/site-packages/google/genai/_gaos/lib/compat_errors.py", line 348, in wrap_sdk_call
    return fn(*args, **kwargs)
           ^^^^^^^^^^^^^^^^^^^
  File "/software/projects/pawsey1357/jthen/venvs/code2video-manim/lib/python3.11/site-packages/google/genai/_gaos/interactions.py", line 713, in create
    response_helpers.raise_parse_error(
  File "/software/projects/pawsey1357/jthen/venvs/code2video-manim/lib/python3.11/site-packages/google/genai/_gaos/utils/response_helpers.py", line 92, in raise_parse_error
    raise parse_error from exc
google.genai._gaos.lib.compat_errors.BadRequestError: Error code: 400 - {'error': {'message': 'Request contains an invalid argument.', 'code': 'invalid_request'}}
