Starting three-stage 30-topic belief pipeline at Fri Aug  7 08:54:34 AM AWST 2026
Repository: /scratch/pawsey1357/jthen/Code2Video
Pipeline: mas_logs/pipeline_20260803_114800
Reflection model: configured in src/api_config.json
Embedding model: /software/projects/pawsey1357/jthen/models/bge-small-en-v1.5
Output directory: mas_logs/pipeline_20260803_114800/belief_three_stage
Starting stage: discovery
Stages: candidate discovery -> global consolidation -> retrospective evidence
Belief library mode: fresh (prior three-stage outputs will be replaced)
Command: singularity exec /software/projects/pawsey1357/jthen/containers/manim-0.19.0.sif /software/projects/pawsey1357/jthen/venvs/code2video-manim/bin/python src/mas_belief_three_stage.py --pipeline-dir mas_logs/pipeline_20260803_114800 --output-dir mas_logs/pipeline_20260803_114800/belief_three_stage --belief-embedding-model /software/projects/pawsey1357/jthen/models/bge-small-en-v1.5 --start-stage discovery --fresh
[belief-3stage][discovery] Starting 30 topics
[belief-3stage][discovery][1/30] The Cosmic Connection: Linking Derivatives and Integrals | decisions=5 candidates=5 updates={'added': 5, 'matched': 0, 'revision_proposed': 0} attempts=1 elapsed=37.2s
[belief-3stage][discovery][2/30] Abstract Vector Spaces: Beyond the Arrow | decisions=9 candidates=11 updates={'added': 6, 'matched': 2, 'revision_proposed': 1} attempts=1 elapsed=51.0s
[belief-3stage][discovery][3/30] Dandelin Spheres: The Geometric Soul of Conic Sections | decisions=10 candidates=15 updates={'added': 4, 'matched': 5, 'revision_proposed': 1} attempts=1 elapsed=54.1s
[belief-3stage][discovery][4/30] How Multilayer Perceptrons (MLPs) in Transformers Store Facts | decisions=8 candidates=19 updates={'added': 4, 'matched': 2, 'revision_proposed': 2} attempts=1 elapsed=42.1s
[belief-3stage][discovery][5/30] The Pi Machine: How Colliding Blocks Compute the Digits of Pi | decisions=14 candidates=24 updates={'added': 5, 'matched': 9, 'revision_proposed': 0} attempts=1 elapsed=52.1s
[belief-3stage][discovery][6/30] Beyond the Third Dimension: Exploring High-Dimensional Spheres | decisions=10 candidates=28 updates={'added': 4, 'matched': 5, 'revision_proposed': 1} attempts=1 elapsed=38.9s
[belief-3stage][discovery][7/30] Discrete Convolutions and Their Applications | decisions=10 candidates=32 updates={'added': 4, 'matched': 4, 'revision_proposed': 2} attempts=1 elapsed=30.4s
[belief-3stage][discovery][8/30] The Binary Secret of the Towers of Hanoi | decisions=12 candidates=38 updates={'added': 6, 'matched': 5, 'revision_proposed': 1} attempts=1 elapsed=44.2s
[belief-3stage][discovery][9/30] Introduction to Partial Differential Equations (PDEs): Modeling a Changing World | decisions=12 candidates=44 updates={'added': 6, 'matched': 4, 'revision_proposed': 2} attempts=1 elapsed=49.5s
[belief-3stage][discovery][10/30] The Magic of the Bell Curve: Understanding the Central Limit Theorem | decisions=9 candidates=47 updates={'added': 3, 'matched': 5, 'revision_proposed': 1} attempts=1 elapsed=49.8s
[belief-3stage][discovery][11/30] The Pi Collision Puzzle: Why Counting Bounces Reveals the Universe's Most Famous Constant | decisions=8 candidates=50 updates={'added': 3, 'matched': 4, 'revision_proposed': 1} attempts=1 elapsed=46.8s
[belief-3stage][discovery][12/30] The Visual Heart of Linear Algebra: Understanding Vectors | decisions=8 candidates=54 updates={'added': 4, 'matched': 4, 'revision_proposed': 0} attempts=1 elapsed=46.9s
[belief-3stage][discovery][13/30] Neural Network Learning and Intuitive Backpropagation | decisions=8 candidates=57 updates={'added': 3, 'matched': 4, 'revision_proposed': 1} attempts=1 elapsed=29.7s
[belief-3stage][discovery][14/30] Bayes' Theorem and Independence: The Logic of Updating Beliefs | decisions=8 candidates=63 updates={'added': 6, 'matched': 2, 'revision_proposed': 0} attempts=1 elapsed=38.9s
[belief-3stage][discovery][15/30] The Physics of Pi: Why Colliding Blocks Calculate Circles | decisions=10 candidates=66 updates={'added': 3, 'matched': 6, 'revision_proposed': 1} attempts=1 elapsed=48.4s
[belief-3stage][discovery][16/30] The Secret Symmetry: Euler's Characteristic and Planar Graph Duality | decisions=8 candidates=69 updates={'added': 3, 'matched': 5, 'revision_proposed': 0} attempts=1 elapsed=29.0s
[belief-3stage][discovery][17/30] The Geometric Intuition of Cramer's Rule | decisions=8 candidates=70 updates={'added': 1, 'matched': 5, 'revision_proposed': 2} attempts=1 elapsed=38.5s
[belief-3stage][discovery][18/30] Pure Fourier Series: The DNA of Waves | decisions=12 candidates=76 updates={'added': 6, 'matched': 5, 'revision_proposed': 1} attempts=1 elapsed=40.5s
[belief-3stage][discovery][19/30] The Upside-Down World of 2-adic Numbers: Redefining Convergence | decisions=8 candidates=81 updates={'added': 5, 'matched': 2, 'revision_proposed': 1} attempts=1 elapsed=30.5s
[belief-3stage][discovery][20/30] The Triangle of Power: A Unified Notation for Powers, Roots, and Logarithms | decisions=7 candidates=84 updates={'added': 3, 'matched': 3, 'revision_proposed': 1} attempts=2 elapsed=121.1s
[belief-3stage][discovery][21/30] Principles of Holography and Diffraction: Capturing the Whole Light | decisions=9 candidates=88 updates={'added': 4, 'matched': 2, 'revision_proposed': 3} attempts=1 elapsed=40.2s
[belief-3stage][discovery][22/30] The DNA of Linear Spaces: From Linear Combinations to Bases | decisions=5 candidates=91 updates={'added': 3, 'matched': 1, 'revision_proposed': 1} attempts=1 elapsed=25.9s
[belief-3stage][discovery][23/30] The Hidden Order of Chaos: Constants and Structure in Turbulence | decisions=9 candidates=96 updates={'added': 5, 'matched': 3, 'revision_proposed': 1} attempts=1 elapsed=26.3s
[belief-3stage][discovery][24/30] The 'Attention' Secret: How Transformers Understand Context | decisions=7 candidates=100 updates={'added': 4, 'matched': 3, 'revision_proposed': 0} attempts=1 elapsed=53.6s
[belief-3stage][discovery][25/30] Change of Basis: Seeing the Same World through Different Eyes | decisions=8 candidates=104 updates={'added': 4, 'matched': 4, 'revision_proposed': 0} attempts=1 elapsed=34.5s
[belief-3stage][discovery][26/30] The Transformational View of Derivatives: Beyond the Slope | decisions=4 candidates=107 updates={'added': 3, 'matched': 0, 'revision_proposed': 1} attempts=1 elapsed=21.5s
[belief-3stage][discovery][27/30] Moser's Circle Problem: The Danger of Patterns | decisions=9 candidates=112 updates={'added': 5, 'matched': 4, 'revision_proposed': 0} attempts=1 elapsed=41.1s
[belief-3stage][discovery][28/30] From Average Speed to Instantaneous Change: The Magic of the Derivative | decisions=6 candidates=115 updates={'added': 3, 'matched': 2, 'revision_proposed': 1} attempts=1 elapsed=25.8s
[belief-3stage][discovery][29/30] The Logic of the Multiverse: Superposition and Quantum States | decisions=7 candidates=117 updates={'added': 2, 'matched': 4, 'revision_proposed': 1} attempts=1 elapsed=27.9s
[belief-3stage][discovery][30/30] The Brachistochrone Problem: The Path of Quickest Descent | decisions=8 candidates=120 updates={'added': 3, 'matched': 3, 'revision_proposed': 2} attempts=1 elapsed=32.7s
[belief-3stage][consolidation] Consolidating 120 candidates
[belief-3stage][consolidation] Frozen beliefs=51 excluded=0 attempts=1
[belief-3stage][evidence] Evaluating 51 frozen beliefs against 30 topics
[belief-3stage][evidence][1/30] The Cosmic Connection: Linking Derivatives and Integrals | applicable=33 observations=35 not_applicable=14 insufficient=4 updates={'action:observe': 10, 'action:support': 23, 'action:contradict': 2, 'total_assessments': 35} attempts=1 elapsed=90.7s
[belief-3stage][evidence][2/30] Abstract Vector Spaces: Beyond the Arrow | applicable=35 observations=35 not_applicable=11 insufficient=5 updates={'action:support': 6, 'action:observe': 29, 'total_assessments': 35} attempts=1 elapsed=81.7s
[belief-3stage][evidence][3/30] Dandelin Spheres: The Geometric Soul of Conic Sections | applicable=36 observations=36 not_applicable=12 insufficient=3 updates={'action:support': 9, 'action:observe': 26, 'action:contradict': 1, 'total_assessments': 36} attempts=1 elapsed=77.7s
[belief-3stage][evidence][4/30] How Multilayer Perceptrons (MLPs) in Transformers Store Facts | applicable=31 observations=31 not_applicable=15 insufficient=5 updates={'action:support': 20, 'action:observe': 11, 'total_assessments': 31} attempts=1 elapsed=74.7s
[belief-3stage][evidence][5/30] The Pi Machine: How Colliding Blocks Compute the Digits of Pi | applicable=21 observations=21 not_applicable=9 insufficient=21 updates={'action:support': 8, 'action:observe': 13, 'total_assessments': 21} attempts=1 elapsed=69.2s
[belief-3stage][evidence][6/30] Beyond the Third Dimension: Exploring High-Dimensional Spheres | applicable=27 observations=27 not_applicable=10 insufficient=14 updates={'action:support': 10, 'action:observe': 17, 'total_assessments': 27} attempts=1 elapsed=81.5s
[belief-3stage][evidence][7/30] Discrete Convolutions and Their Applications | applicable=27 observations=27 not_applicable=12 insufficient=12 updates={'action:support': 24, 'action:observe': 3, 'total_assessments': 27} attempts=1 elapsed=63.0s
[belief-3stage][evidence][8/30] The Binary Secret of the Towers of Hanoi | applicable=35 observations=35 not_applicable=10 insufficient=6 updates={'action:support': 21, 'action:observe': 14, 'total_assessments': 35} attempts=1 elapsed=74.0s
[belief-3stage][evidence][9/30] Introduction to Partial Differential Equations (PDEs): Modeling a Changing World | applicable=33 observations=33 not_applicable=11 insufficient=7 updates={'action:support': 15, 'action:observe': 18, 'total_assessments': 33} attempts=1 elapsed=95.7s
[belief-3stage][evidence][10/30] The Magic of the Bell Curve: Understanding the Central Limit Theorem | applicable=33 observations=33 not_applicable=13 insufficient=5 updates={'action:support': 8, 'action:observe': 25, 'total_assessments': 33} attempts=1 elapsed=83.1s
[belief-3stage][evidence][11/30] The Pi Collision Puzzle: Why Counting Bounces Reveals the Universe's Most Famous Constant | applicable=27 observations=27 not_applicable=11 insufficient=13 updates={'action:support': 20, 'action:observe': 7, 'total_assessments': 27} attempts=1 elapsed=70.8s
[belief-3stage][evidence][12/30] The Visual Heart of Linear Algebra: Understanding Vectors | applicable=34 observations=36 not_applicable=15 insufficient=2 updates={'action:observe': 32, 'action:support': 4, 'total_assessments': 36} attempts=1 elapsed=103.4s
[belief-3stage][evidence][13/30] Neural Network Learning and Intuitive Backpropagation | applicable=19 observations=19 not_applicable=16 insufficient=16 updates={'action:support': 15, 'action:observe': 4, 'total_assessments': 19} attempts=1 elapsed=58.5s
