Starting three-stage 30-topic belief pipeline at Tue Aug 11 11:01:28 AM AWST 2026
Repository: /scratch/pawsey1357/jthen/Code2Video
Pipeline: mas_logs/pipeline_20260811_085249
Reflection model: configured in src/api_config.json
Embedding model: /software/projects/pawsey1357/jthen/models/bge-small-en-v1.5
Output directory: mas_logs/pipeline_20260811_085249/belief_three_stage
Starting stage: discovery
Stages: candidate discovery -> global consolidation -> retrospective evidence
Belief library mode: resume discovery from the last completed topic
Command: singularity exec /software/projects/pawsey1357/jthen/containers/manim-0.19.0.sif /software/projects/pawsey1357/jthen/venvs/code2video-manim/bin/python src/mas_belief_three_stage.py --pipeline-dir mas_logs/pipeline_20260811_085249 --output-dir mas_logs/pipeline_20260811_085249/belief_three_stage --belief-embedding-model /software/projects/pawsey1357/jthen/models/bge-small-en-v1.5 --start-stage discovery --resume-discovery
[belief-3stage][resume] Loaded 34 candidates after 18/30 topics; retrying topic 19
[belief-3stage][discovery][19/30] Exploring the 2-adic Metric: Where Infinite Sums Behave Differently | decisions=9 candidates=38 updates={'added': 4, 'matched': 4, 'revision_proposed': 1, 'rejected': 0} attempts=1 elapsed=57.4s
[belief-3stage][discovery][20/30] The Mathematical Trinity: Powers, Roots, and Logarithms | decisions=7 candidates=41 updates={'added': 3, 'matched': 3, 'revision_proposed': 1, 'rejected': 0} attempts=1 elapsed=48.0s
[belief-3stage][discovery][21/30] The Magic of Light: Principles of Holography and Diffraction | decisions=10 candidates=43 updates={'added': 2, 'matched': 7, 'revision_proposed': 0, 'rejected': 1} attempts=1 elapsed=62.6s
[belief-3stage][discovery][22/30] Foundations of Linear Algebra: From Combinations to Bases | decisions=8 candidates=45 updates={'added': 2, 'matched': 4, 'revision_proposed': 1, 'rejected': 1} attempts=2 elapsed=102.7s
[belief-3stage][discovery][23/30] Fundamental Constants and Mathematical Structure in Turbulence | decisions=6 candidates=48 updates={'added': 3, 'matched': 3, 'revision_proposed': 0, 'rejected': 0} attempts=2 elapsed=121.0s
[belief-3stage][discovery][24/30] The Attention Mechanism: How Transformers Read | decisions=7 candidates=49 updates={'added': 1, 'matched': 4, 'revision_proposed': 1, 'rejected': 1} attempts=1 elapsed=48.1s
[belief-3stage][discovery][25/30] Change of Basis in Linear Algebra | decisions=6 candidates=50 updates={'added': 1, 'matched': 4, 'revision_proposed': 1, 'rejected': 0} attempts=1 elapsed=44.3s
[belief-3stage][discovery][26/30] The Transformational View of Derivatives: From Static to Dynamic | decisions=9 candidates=51 updates={'added': 1, 'matched': 6, 'revision_proposed': 0, 'rejected': 2} attempts=1 elapsed=38.6s
[belief-3stage][discovery][27/30] Moser's Circle Problem: The Deceptive Power of Patterns | decisions=8 candidates=52 updates={'added': 1, 'matched': 7, 'revision_proposed': 0, 'rejected': 0} attempts=2 elapsed=122.4s
[belief-3stage][discovery][28/30] Instantaneous Rate of Change and the Derivative | decisions=7 candidates=54 updates={'added': 2, 'matched': 5, 'revision_proposed': 0, 'rejected': 0} attempts=1 elapsed=41.6s
[belief-3stage][discovery][29/30] Superposition and Quantum States: The Architecture of Quantum Reality | decisions=5 candidates=55 updates={'added': 1, 'matched': 3, 'revision_proposed': 0, 'rejected': 1} attempts=1 elapsed=30.8s
[belief-3stage][discovery][30/30] The Brachistochrone Problem: The Race of Curves | decisions=9 candidates=58 updates={'added': 3, 'matched': 4, 'revision_proposed': 0, 'rejected': 2} attempts=1 elapsed=38.4s
[belief-3stage][consolidation] Consolidating 58 candidates
[belief-3stage][consolidation] Non-blocking academic quality concerns=5; see /scratch/pawsey1357/jthen/Code2Video/mas_logs/pipeline_20260811_085249/belief_three_stage/belief_quality_concerns.json
[belief-3stage][consolidation] Frozen beliefs=45 excluded=0 attempts=1
[belief-3stage][evidence] Evaluating 45 frozen beliefs against 30 topics
