Starting three-stage 30-topic belief pipeline at Tue Aug 11 10:13:51 AM AWST 2026
Repository: /scratch/pawsey1357/jthen/Code2Video
Pipeline: mas_logs/pipeline_20260811_085249
Reflection model: configured in src/api_config.json
Embedding model: /software/projects/pawsey1357/jthen/models/bge-small-en-v1.5
Output directory: mas_logs/pipeline_20260811_085249/belief_three_stage
Starting stage: discovery
Stages: candidate discovery -> global consolidation -> retrospective evidence
Belief library mode: fresh (prior three-stage outputs will be replaced)
Command: singularity exec /software/projects/pawsey1357/jthen/containers/manim-0.19.0.sif /software/projects/pawsey1357/jthen/venvs/code2video-manim/bin/python src/mas_belief_three_stage.py --pipeline-dir mas_logs/pipeline_20260811_085249 --output-dir mas_logs/pipeline_20260811_085249/belief_three_stage --belief-embedding-model /software/projects/pawsey1357/jthen/models/bge-small-en-v1.5 --start-stage discovery --fresh
[belief-3stage][discovery] Starting 30 topics
[belief-3stage][discovery][1/30] The Fundamental Bridge: The Relationship Between Integrals and Derivatives | decisions=4 candidates=4 updates={'added': 4, 'matched': 0, 'revision_proposed': 0, 'rejected': 0} attempts=1 elapsed=39.4s
[belief-3stage][discovery][2/30] Introduction to Abstract Vector Spaces | decisions=3 candidates=6 updates={'added': 2, 'matched': 0, 'revision_proposed': 1, 'rejected': 0} attempts=1 elapsed=60.9s
[belief-3stage][discovery][3/30] The Magic of Dandelin Spheres: Visualizing Conic Sections | decisions=3 candidates=8 updates={'added': 2, 'matched': 0, 'revision_proposed': 1, 'rejected': 0} attempts=1 elapsed=36.6s
[belief-3stage][discovery][4/30] How Multilayer Perceptrons (MLP) Store Facts in Transformers | decisions=5 candidates=12 updates={'added': 4, 'matched': 1, 'revision_proposed': 0, 'rejected': 0} attempts=1 elapsed=53.7s
[belief-3stage][discovery][5/30] The Physics of Pi: Colliding Blocks and Conservation Laws | decisions=5 candidates=13 updates={'added': 1, 'matched': 1, 'revision_proposed': 3, 'rejected': 0} attempts=1 elapsed=58.7s
[belief-3stage][discovery][6/30] Exploring the Geometry of High-Dimensional Spheres | decisions=8 candidates=16 updates={'added': 3, 'matched': 2, 'revision_proposed': 2, 'rejected': 1} attempts=1 elapsed=48.3s
[belief-3stage][discovery][7/30] Unlocking Discrete Convolutions: From Image Blurring to Feature Extraction | decisions=8 candidates=17 updates={'added': 1, 'matched': 5, 'revision_proposed': 2, 'rejected': 0} attempts=1 elapsed=52.3s
[belief-3stage][discovery][8/30] Binary Logic in the Towers of Hanoi | decisions=7 candidates=20 updates={'added': 3, 'matched': 2, 'revision_proposed': 1, 'rejected': 1} attempts=1 elapsed=50.1s
[belief-3stage][discovery][9/30] Introduction to Partial Differential Equations (PDEs) | decisions=5 candidates=21 updates={'added': 1, 'matched': 1, 'revision_proposed': 3, 'rejected': 0} attempts=1 elapsed=34.1s
[belief-3stage][discovery][10/30] The Central Limit Theorem (CLT): The Magic of Convergence | decisions=8 candidates=23 updates={'added': 2, 'matched': 1, 'revision_proposed': 4, 'rejected': 1} attempts=1 elapsed=50.6s
[belief-3stage][discovery][11/30] The Pi-Collision Paradox: Why Colliding Blocks Compute Digits of Pi | decisions=8 candidates=25 updates={'added': 2, 'matched': 4, 'revision_proposed': 1, 'rejected': 1} attempts=1 elapsed=52.6s
[belief-3stage][discovery][12/30] Fundamentals of Linear Algebra: Understanding Vectors | decisions=9 candidates=26 updates={'added': 1, 'matched': 5, 'revision_proposed': 2, 'rejected': 1} attempts=1 elapsed=58.3s
[belief-3stage][discovery][13/30] Neural Network Learning: The Intuitive Backpropagation | decisions=5 candidates=29 updates={'added': 3, 'matched': 1, 'revision_proposed': 1, 'rejected': 0} attempts=1 elapsed=39.5s
[belief-3stage][discovery][14/30] Bayes' Theorem and Independence: Unlocking Predictive Logic | decisions=7 candidates=29 updates={'added': 0, 'matched': 3, 'revision_proposed': 3, 'rejected': 1} attempts=1 elapsed=47.5s
[belief-3stage][discovery][15/30] The Pi-Collision Mystery: Physics Collisions and Numerical Discovery | decisions=5 candidates=31 updates={'added': 2, 'matched': 1, 'revision_proposed': 1, 'rejected': 1} attempts=1 elapsed=58.2s
[belief-3stage][discovery][16/30] Unlocking Planar Graphs: Euler's Formula and Duality | decisions=7 candidates=32 updates={'added': 1, 'matched': 4, 'revision_proposed': 2, 'rejected': 0} attempts=1 elapsed=56.9s
[belief-3stage][discovery][17/30] Cramer's Rule: A Geometric Perspective | decisions=10 candidates=33 updates={'added': 1, 'matched': 6, 'revision_proposed': 1, 'rejected': 2} attempts=1 elapsed=58.6s
[belief-3stage][discovery][18/30] The Magic of Pure Fourier Series: Breaking Down Waves | decisions=7 candidates=34 updates={'added': 1, 'matched': 5, 'revision_proposed': 0, 'rejected': 1} attempts=1 elapsed=52.3s
