Starting three-stage 30-topic belief pipeline at Fri Aug  7 11:01:43 AM AWST 2026
Repository: /scratch/pawsey1357/jthen/Code2Video
Pipeline: mas_logs/pipeline_20260803_114800
Reflection model: configured in src/api_config.json
Embedding model: /software/projects/pawsey1357/jthen/models/bge-small-en-v1.5
Output directory: mas_logs/pipeline_20260803_114800/belief_three_stage_v2
Starting stage: consolidation
Stages: candidate discovery -> global consolidation -> retrospective evidence
Belief library mode: resume from completed candidate checkpoint
Command: singularity exec /software/projects/pawsey1357/jthen/containers/manim-0.19.0.sif /software/projects/pawsey1357/jthen/venvs/code2video-manim/bin/python src/mas_belief_three_stage.py --pipeline-dir mas_logs/pipeline_20260803_114800 --output-dir mas_logs/pipeline_20260803_114800/belief_three_stage_v2 --belief-embedding-model /software/projects/pawsey1357/jthen/models/bge-small-en-v1.5 --start-stage consolidation
[belief-3stage][resume] Loaded 66 completed candidates from /scratch/pawsey1357/jthen/Code2Video/mas_logs/pipeline_20260803_114800/belief_three_stage_v2/belief_candidates.json
[belief-3stage][consolidation] Consolidating 66 candidates
[belief-3stage][consolidation] Non-blocking academic quality concerns=15; see /scratch/pawsey1357/jthen/Code2Video/mas_logs/pipeline_20260803_114800/belief_three_stage_v2/belief_quality_concerns.json
[belief-3stage][consolidation] Frozen beliefs=62 excluded=0 attempts=1
[belief-3stage][evidence] Evaluating 62 frozen beliefs against 30 topics
[belief-3stage][evidence][1/30] The Cosmic Connection: Linking Derivatives and Integrals | applicable=18 observations=18 not_applicable=29 insufficient=15 updates={'action:observe': 12, 'action:support': 6, 'total_assessments': 18} attempts=1 elapsed=39.7s
[belief-3stage][evidence][2/30] Abstract Vector Spaces: Beyond the Arrow | applicable=9 observations=13 not_applicable=37 insufficient=16 updates={'action:support': 9, 'action:observe': 4, 'total_assessments': 13} attempts=1 elapsed=47.5s
[belief-3stage][evidence][3/30] Dandelin Spheres: The Geometric Soul of Conic Sections | applicable=26 observations=29 not_applicable=23 insufficient=13 updates={'action:support': 6, 'action:observe': 23, 'total_assessments': 29} attempts=1 elapsed=49.4s
[belief-3stage][evidence][4/30] How Multilayer Perceptrons (MLPs) in Transformers Store Facts | applicable=15 observations=18 not_applicable=39 insufficient=8 updates={'action:observe': 10, 'action:support': 8, 'total_assessments': 18} attempts=1 elapsed=46.7s
[belief-3stage][evidence][5/30] The Pi Machine: How Colliding Blocks Compute the Digits of Pi | applicable=23 observations=25 not_applicable=34 insufficient=5 updates={'action:observe': 23, 'action:support': 2, 'total_assessments': 25} attempts=1 elapsed=52.0s
[belief-3stage][evidence][6/30] Beyond the Third Dimension: Exploring High-Dimensional Spheres | applicable=22 observations=22 not_applicable=27 insufficient=13 updates={'action:observe': 11, 'action:support': 11, 'total_assessments': 22} attempts=1 elapsed=53.5s
[belief-3stage][evidence][7/30] Discrete Convolutions and Their Applications | applicable=10 observations=10 not_applicable=38 insufficient=14 updates={'action:observe': 7, 'action:support': 3, 'total_assessments': 10} attempts=1 elapsed=36.5s
[belief-3stage][evidence][8/30] The Binary Secret of the Towers of Hanoi | applicable=17 observations=20 not_applicable=31 insufficient=14 updates={'action:observe': 13, 'action:support': 7, 'total_assessments': 20} attempts=1 elapsed=36.9s
[belief-3stage][evidence][9/30] Introduction to Partial Differential Equations (PDEs): Modeling a Changing World | applicable=18 observations=18 not_applicable=0 insufficient=44 updates={'action:observe': 9, 'action:support': 9, 'total_assessments': 18} attempts=1 elapsed=37.8s
[belief-3stage][evidence][10/30] The Magic of the Bell Curve: Understanding the Central Limit Theorem | applicable=21 observations=22 not_applicable=29 insufficient=12 updates={'action:observe': 19, 'action:support': 3, 'total_assessments': 22} attempts=1 elapsed=47.7s
[belief-3stage][evidence][11/30] The Pi Collision Puzzle: Why Counting Bounces Reveals the Universe's Most Famous Constant | applicable=15 observations=16 not_applicable=42 insufficient=5 updates={'action:support': 8, 'action:observe': 8, 'total_assessments': 16} attempts=1 elapsed=40.3s
[belief-3stage][evidence][12/30] The Visual Heart of Linear Algebra: Understanding Vectors | applicable=28 observations=29 not_applicable=30 insufficient=4 updates={'action:support': 19, 'action:observe': 10, 'total_assessments': 29} attempts=1 elapsed=48.7s
[belief-3stage][evidence][13/30] Neural Network Learning and Intuitive Backpropagation | applicable=25 observations=25 not_applicable=34 insufficient=3 updates={'action:support': 13, 'action:observe': 12, 'total_assessments': 25} attempts=1 elapsed=46.8s
[belief-3stage][evidence][14/30] Bayes' Theorem and Independence: The Logic of Updating Beliefs | applicable=16 observations=17 not_applicable=26 insufficient=20 updates={'action:support': 8, 'action:observe': 9, 'total_assessments': 17} attempts=1 elapsed=47.3s
[belief-3stage][evidence][15/30] The Physics of Pi: Why Colliding Blocks Calculate Circles | applicable=21 observations=26 not_applicable=36 insufficient=5 updates={'action:support': 13, 'action:observe': 13, 'total_assessments': 26} attempts=1 elapsed=42.8s
[belief-3stage][evidence][16/30] The Secret Symmetry: Euler's Characteristic and Planar Graph Duality | applicable=16 observations=17 not_applicable=19 insufficient=27 updates={'action:support': 8, 'action:observe': 9, 'total_assessments': 17} attempts=1 elapsed=40.5s
[belief-3stage][evidence][17/30] The Geometric Intuition of Cramer's Rule | applicable=22 observations=22 not_applicable=35 insufficient=5 updates={'action:observe': 21, 'action:support': 1, 'total_assessments': 22} attempts=1 elapsed=71.2s
[belief-3stage][evidence][18/30] Pure Fourier Series: The DNA of Waves | applicable=33 observations=35 not_applicable=24 insufficient=5 updates={'action:observe': 34, 'action:support': 1, 'total_assessments': 35} attempts=1 elapsed=74.7s
[belief-3stage][evidence][19/30] The Upside-Down World of 2-adic Numbers: Redefining Convergence | applicable=10 observations=11 not_applicable=50 insufficient=2 updates={'action:support': 9, 'action:observe': 2, 'total_assessments': 11} attempts=1 elapsed=44.4s
[belief-3stage][evidence][20/30] The Triangle of Power: A Unified Notation for Powers, Roots, and Logarithms | applicable=22 observations=25 not_applicable=33 insufficient=7 updates={'action:observe': 21, 'action:support': 4, 'total_assessments': 25} attempts=1 elapsed=57.1s
[belief-3stage][evidence][21/30] Principles of Holography and Diffraction: Capturing the Whole Light | applicable=31 observations=36 not_applicable=28 insufficient=3 updates={'action:observe': 23, 'action:support': 13, 'total_assessments': 36} attempts=1 elapsed=57.5s
[belief-3stage][evidence][22/30] The DNA of Linear Spaces: From Linear Combinations to Bases | applicable=14 observations=18 not_applicable=41 insufficient=7 updates={'action:support': 7, 'action:observe': 11, 'total_assessments': 18} attempts=1 elapsed=51.2s
[belief-3stage][evidence][23/30] The Hidden Order of Chaos: Constants and Structure in Turbulence | applicable=27 observations=27 not_applicable=29 insufficient=6 updates={'action:support': 9, 'action:observe': 16, 'action:contradict': 2, 'total_assessments': 27} attempts=1 elapsed=52.1s
[belief-3stage][evidence][24/30] The 'Attention' Secret: How Transformers Understand Context | applicable=12 observations=12 not_applicable=38 insufficient=12 updates={'action:observe': 8, 'action:support': 4, 'total_assessments': 12} attempts=1 elapsed=43.5s
[belief-3stage][evidence][25/30] Change of Basis: Seeing the Same World through Different Eyes | applicable=24 observations=25 not_applicable=24 insufficient=14 updates={'action:observe': 19, 'action:support': 6, 'total_assessments': 25} attempts=1 elapsed=45.1s
[belief-3stage][evidence][26/30] The Transformational View of Derivatives: Beyond the Slope | applicable=26 observations=26 not_applicable=30 insufficient=6 updates={'action:support': 14, 'action:observe': 12, 'total_assessments': 26} attempts=1 elapsed=59.0s
[belief-3stage][evidence][27/30] Moser's Circle Problem: The Danger of Patterns | applicable=13 observations=13 not_applicable=25 insufficient=24 updates={'action:support': 6, 'action:observe': 7, 'total_assessments': 13} attempts=1 elapsed=46.5s
[belief-3stage][evidence][28/30] From Average Speed to Instantaneous Change: The Magic of the Derivative | applicable=14 observations=16 not_applicable=34 insufficient=14 updates={'action:observe': 12, 'action:support': 4, 'total_assessments': 16} attempts=1 elapsed=46.4s
[belief-3stage][evidence][29/30] The Logic of the Multiverse: Superposition and Quantum States | applicable=10 observations=10 not_applicable=35 insufficient=17 updates={'action:support': 6, 'action:observe': 4, 'total_assessments': 10} attempts=1 elapsed=40.9s
[belief-3stage][evidence][30/30] The Brachistochrone Problem: The Path of Quickest Descent | applicable=27 observations=27 not_applicable=34 insufficient=1 updates={'action:observe': 21, 'action:support': 6, 'total_assessments': 27} attempts=1 elapsed=48.9s
[belief-3stage] Complete | candidates=66 beliefs=62 evidence_rows=1860
Final library: /scratch/pawsey1357/jthen/Code2Video/mas_logs/pipeline_20260803_114800/belief_three_stage_v2/belief_library.json
Finished at Fri Aug  7 11:28:45 AM AWST 2026
