Starting three-stage 30-topic belief pipeline at Tue Aug 11 11:22:45 AM AWST 2026
Repository: /scratch/pawsey1357/jthen/Code2Video
Pipeline: mas_logs/pipeline_20260811_085249
Reflection model: configured in src/api_config.json
Embedding model: /software/projects/pawsey1357/jthen/models/bge-small-en-v1.5
Output directory: mas_logs/pipeline_20260811_085249/belief_three_stage
Starting stage: evidence
Stages: candidate discovery -> global consolidation -> retrospective evidence
Belief library mode: preserve frozen beliefs and restart evidence from topic 1
Command: singularity exec /software/projects/pawsey1357/jthen/containers/manim-0.19.0.sif /software/projects/pawsey1357/jthen/venvs/code2video-manim/bin/python src/mas_belief_three_stage.py --pipeline-dir mas_logs/pipeline_20260811_085249 --output-dir mas_logs/pipeline_20260811_085249/belief_three_stage --belief-embedding-model /software/projects/pawsey1357/jthen/models/bge-small-en-v1.5 --start-stage evidence
[belief-3stage][resume] Loaded 45 frozen beliefs from /scratch/pawsey1357/jthen/Code2Video/mas_logs/pipeline_20260811_085249/belief_three_stage/frozen_beliefs.json; restarting Stage 3 from topic 1
[belief-3stage][evidence] Evaluating 45 frozen beliefs against 30 topics
[belief-3stage][evidence][1/30] The Fundamental Bridge: The Relationship Between Integrals and Derivatives | applicable=19 observations=19 not_applicable=20 insufficient=6 updates={'action:support': 4, 'action:observe': 15, 'total_assessments': 19} attempts=1 elapsed=57.4s
[belief-3stage][evidence][2/30] Introduction to Abstract Vector Spaces | applicable=27 observations=29 not_applicable=18 insufficient=0 updates={'action:observe': 21, 'action:support': 8, 'total_assessments': 29} attempts=1 elapsed=69.3s
[belief-3stage][evidence][3/30] The Magic of Dandelin Spheres: Visualizing Conic Sections | applicable=22 observations=23 not_applicable=21 insufficient=2 updates={'action:observe': 20, 'action:support': 3, 'total_assessments': 23} attempts=1 elapsed=68.6s
[belief-3stage][evidence][4/30] How Multilayer Perceptrons (MLP) Store Facts in Transformers | applicable=26 observations=29 not_applicable=14 insufficient=5 updates={'action:support': 13, 'action:observe': 16, 'total_assessments': 29} attempts=2 elapsed=119.5s
[belief-3stage][evidence][5/30] The Physics of Pi: Colliding Blocks and Conservation Laws | applicable=23 observations=25 not_applicable=16 insufficient=6 updates={'action:observe': 16, 'action:support': 9, 'total_assessments': 25} attempts=1 elapsed=66.1s
[belief-3stage][evidence][6/30] Exploring the Geometry of High-Dimensional Spheres | applicable=19 observations=19 not_applicable=25 insufficient=1 updates={'action:observe': 13, 'action:support': 6, 'total_assessments': 19} attempts=1 elapsed=78.7s
[belief-3stage][evidence][7/30] Unlocking Discrete Convolutions: From Image Blurring to Feature Extraction | applicable=21 observations=21 not_applicable=21 insufficient=3 updates={'action:observe': 15, 'action:support': 5, 'action:contradict': 1, 'total_assessments': 21} attempts=1 elapsed=58.7s
[belief-3stage][evidence][8/30] Binary Logic in the Towers of Hanoi | applicable=24 observations=24 not_applicable=15 insufficient=6 updates={'action:observe': 19, 'action:support': 4, 'action:contradict': 1, 'total_assessments': 24} attempts=1 elapsed=60.7s
[belief-3stage][evidence][9/30] Introduction to Partial Differential Equations (PDEs) | applicable=10 observations=12 not_applicable=20 insufficient=15 updates={'action:observe': 9, 'action:support': 3, 'total_assessments': 12} attempts=1 elapsed=64.5s
[belief-3stage][evidence][10/30] The Central Limit Theorem (CLT): The Magic of Convergence | applicable=22 observations=24 not_applicable=20 insufficient=3 updates={'action:observe': 14, 'action:support': 10, 'total_assessments': 24} attempts=1 elapsed=71.4s
[belief-3stage][evidence][11/30] The Pi-Collision Paradox: Why Colliding Blocks Compute Digits of Pi | applicable=18 observations=21 not_applicable=21 insufficient=6 updates={'action:observe': 18, 'action:support': 3, 'total_assessments': 21} attempts=1 elapsed=52.5s
[belief-3stage][evidence][12/30] Fundamentals of Linear Algebra: Understanding Vectors | applicable=21 observations=23 not_applicable=19 insufficient=5 updates={'action:observe': 18, 'action:support': 5, 'total_assessments': 23} attempts=1 elapsed=61.7s
[belief-3stage][evidence][13/30] Neural Network Learning: The Intuitive Backpropagation | applicable=17 observations=17 not_applicable=23 insufficient=5 updates={'action:observe': 17, 'total_assessments': 17} attempts=1 elapsed=64.2s
[belief-3stage][evidence][14/30] Bayes' Theorem and Independence: Unlocking Predictive Logic | applicable=26 observations=26 not_applicable=13 insufficient=6 updates={'action:observe': 26, 'total_assessments': 26} attempts=1 elapsed=85.0s
[belief-3stage][evidence][15/30] The Pi-Collision Mystery: Physics Collisions and Numerical Discovery | applicable=15 observations=17 not_applicable=15 insufficient=15 updates={'action:observe': 17, 'total_assessments': 17} attempts=1 elapsed=70.1s
[belief-3stage][evidence][16/30] Unlocking Planar Graphs: Euler's Formula and Duality | applicable=23 observations=25 not_applicable=20 insufficient=2 updates={'action:observe': 22, 'action:support': 3, 'total_assessments': 25} attempts=1 elapsed=65.6s
[belief-3stage][evidence][17/30] Cramer's Rule: A Geometric Perspective | applicable=25 observations=25 not_applicable=19 insufficient=1 updates={'action:observe': 23, 'action:support': 2, 'total_assessments': 25} attempts=1 elapsed=74.6s
[belief-3stage][evidence][18/30] The Magic of Pure Fourier Series: Breaking Down Waves | applicable=21 observations=23 not_applicable=16 insufficient=8 updates={'action:support': 5, 'action:observe': 18, 'total_assessments': 23} attempts=1 elapsed=62.3s
[belief-3stage][evidence][19/30] Exploring the 2-adic Metric: Where Infinite Sums Behave Differently | applicable=10 observations=10 not_applicable=17 insufficient=18 updates={'action:support': 1, 'action:observe': 9, 'total_assessments': 10} attempts=1 elapsed=70.6s
[belief-3stage][evidence][20/30] The Mathematical Trinity: Powers, Roots, and Logarithms | applicable=27 observations=27 not_applicable=18 insufficient=0 updates={'action:observe': 11, 'action:support': 16, 'total_assessments': 27} attempts=1 elapsed=72.9s
[belief-3stage][evidence][21/30] The Magic of Light: Principles of Holography and Diffraction | applicable=20 observations=22 not_applicable=23 insufficient=2 updates={'action:observe': 13, 'action:support': 9, 'total_assessments': 22} attempts=1 elapsed=60.6s
[belief-3stage][evidence][22/30] Foundations of Linear Algebra: From Combinations to Bases | applicable=29 observations=30 not_applicable=14 insufficient=2 updates={'action:observe': 25, 'action:support': 5, 'total_assessments': 30} attempts=1 elapsed=67.2s
[belief-3stage][evidence][23/30] Fundamental Constants and Mathematical Structure in Turbulence | applicable=20 observations=20 not_applicable=15 insufficient=10 updates={'action:observe': 19, 'action:support': 1, 'total_assessments': 20} attempts=1 elapsed=52.4s
[belief-3stage][evidence][24/30] The Attention Mechanism: How Transformers Read | applicable=18 observations=18 not_applicable=21 insufficient=6 updates={'action:observe': 13, 'action:support': 4, 'action:contradict': 1, 'total_assessments': 18} attempts=1 elapsed=94.9s
[belief-3stage][evidence][25/30] Change of Basis in Linear Algebra | applicable=14 observations=14 not_applicable=21 insufficient=10 updates={'action:support': 8, 'action:observe': 6, 'total_assessments': 14} attempts=1 elapsed=70.0s
[belief-3stage][evidence][26/30] The Transformational View of Derivatives: From Static to Dynamic | applicable=23 observations=23 not_applicable=19 insufficient=3 updates={'action:support': 16, 'action:observe': 7, 'total_assessments': 23} attempts=1 elapsed=63.3s
[belief-3stage][evidence][27/30] Moser's Circle Problem: The Deceptive Power of Patterns | applicable=21 observations=22 not_applicable=20 insufficient=4 updates={'action:observe': 17, 'action:support': 5, 'total_assessments': 22} attempts=1 elapsed=71.4s
[belief-3stage][evidence][28/30] Instantaneous Rate of Change and the Derivative | applicable=19 observations=20 not_applicable=12 insufficient=14 updates={'action:observe': 17, 'action:support': 3, 'total_assessments': 20} attempts=1 elapsed=64.2s
[belief-3stage][evidence][29/30] Superposition and Quantum States: The Architecture of Quantum Reality | applicable=27 observations=28 not_applicable=17 insufficient=1 updates={'action:support': 5, 'action:observe': 23, 'total_assessments': 28} attempts=1 elapsed=56.5s
[belief-3stage][evidence][30/30] The Brachistochrone Problem: The Race of Curves | applicable=23 observations=25 not_applicable=12 insufficient=10 updates={'action:observe': 20, 'action:support': 5, 'total_assessments': 25} attempts=1 elapsed=63.0s
[belief-3stage] Complete | candidates=58 beliefs=45 evidence_rows=1350
Final library: /scratch/pawsey1357/jthen/Code2Video/mas_logs/pipeline_20260811_085249/belief_three_stage/belief_library.json
Finished at Tue Aug 11 11:57:37 AM AWST 2026
